2
4
4
5
2
4
5
6
1
1
3запускаем отношение в строке с количеством пробелов =  4
3запускаем отношение в строке с количеством пробелов =  5
3запускаем отношение в строке с количеством пробелов =  4
3запускаем отношение в строке с количеством пробелов =  2
3запускаем отношение в строке с количеством пробелов =  6
3запускаем отношение в строке с количеством пробелов =  5
3запускаем отношение в строке с количеством пробелов =  4
3запускаем отношение в строке с количеством пробелов =  2
3запускаем отношение в строке с количеством пробелов =  1
3запускаем отношение в строке с количеством пробелов =  1
