Function: name= FUNCa has already had parametr with this name!
