Function: name= FUNCa didn't call with this parametrs!
