Syntax error LexToken(DIVIDE,'/',1,5)
Syntax error LexToken(SPACE,' ',4,43)
