Function: name= FUNCa has already created with such parametrs!
