2
1запускаем отношение в строке с количеством пробелов =  2
