2
3
2запускаем отношение в строке с количеством пробелов =  3
1запускаем отношение в строке с количеством пробелов =  2
